// Jest Snapshot v1, https://goo.gl/fbAQLP

exports[`LoginPage should match snapshot 1`] = `
<div>
  <div
    class="card__container card"
  >
    <div
      class="card__header card-header"
    >
      <h3
        class="card-title"
      >
        Sign in
      </h3>
    </div>
    <div
      class="card-body"
    >
      <form
        class=""
        novalidate=""
      >
        <div
          class="form-group"
        >
          <label
            class="form-label"
            for="email"
          >
            Email
          </label>
          <input
            class="form-control"
            id="email"
            placeholder="johndoe@example.com"
            required=""
            type="email"
            value=""
          />
          <div
            class="invalid-feedback"
          >
            Correct email must be provided
          </div>
        </div>
        <div
          class="form-group"
        >
          <label
            class="form-label"
            for="password"
          >
            Password
          </label>
          <input
            class="form-control"
            id="password"
            minlength="8"
            name="password"
            placeholder="Your password"
            required=""
            type="password"
            value=""
          />
          <div
            class="invalid-feedback"
          >
            Correct password must be provided
          </div>
        </div>
        <div
          class="justify-content-end d-flex"
        >
          <button
            class="btn btn-success"
            type="submit"
          >
            Log in!
          </button>
        </div>
        <a
          class="card-link"
          href="/register"
        >
          Don't have an account? Sign up!
        </a>
      </form>
    </div>
  </div>
</div>
`;
