// Jest Snapshot v1, https://goo.gl/fbAQLP

exports[`MovieList should match snapshot 1`] = `
<div>
  <div
    class="container"
  >
    <div
      class="card"
    >
      <div
        class="card-body"
      >
        <div>
          Titanic
        </div>
        <div>
          Batman
        </div>
      </div>
    </div>
  </div>
</div>
`;
